// Jest Snapshot v1, https://goo.gl/fbAQLP

exports[`Grid renders correctly when showConflict is false 1`] = `
<div>
  <div
    class="grid grid-cols-9 grid-rows-9 gap-1 h-full w-full"
  >
    <input
      class="flex items-center justify-center text-center select-none bg-gray-200"
      data-testid="cell"
      id="cell-0"
      max="9"
      min="1"
      readonly=""
      step="1"
      type="number"
      value="8"
    />
    <input
      class="flex items-center justify-center text-center select-none bg-gray-200"
      data-testid="cell"
      id="cell-1"
      max="9"
      min="1"
      readonly=""
      step="1"
      type="number"
      value="3"
    />
    <input
      class="flex items-center justify-center text-center select-none bg-gray-200"
      data-testid="cell"
      id="cell-2"
      max="9"
      min="1"
      readonly=""
      step="1"
      type="number"
      value="7"
    />
    <input
      class="flex items-center justify-center text-center select-none bg-gray-200"
      data-testid="cell"
      id="cell-3"
      max="9"
      min="1"
      readonly=""
      step="1"
      type="number"
      value="6"
    />
    <input
      class="flex items-center justify-center text-center select-none bg-gray-200"
      data-testid="cell"
      id="cell-4"
      max="9"
      min="1"
      readonly=""
      step="1"
      type="number"
      value="2"
    />
    <input
      class="flex items-center justify-center text-center select-none bg-gray-200"
      data-testid="cell"
      id="cell-5"
      max="9"
      min="1"
      readonly=""
      step="1"
      type="number"
      value="9"
    />
    <input
      class="flex items-center justify-center text-center select-none bg-gray-200"
      data-testid="cell"
      id="cell-6"
      max="9"
      min="1"
      readonly=""
      step="1"
      type="number"
      value="1"
    />
    <input
      class="flex items-center justify-center text-center select-none bg-gray-200"
      data-testid="cell"
      id="cell-7"
      max="9"
      min="1"
      readonly=""
      step="1"
      type="number"
      value="4"
    />
    <input
      class="flex items-center justify-center text-center select-none bg-gray-200"
      data-testid="cell"
      id="cell-8"
      max="9"
      min="1"
      readonly=""
      step="1"
      type="number"
      value="5"
    />
    <input
      class="flex items-center justify-center text-center text-blue-400 bg-gray-200"
      data-testid="cell"
      id="cell-9"
      max="9"
      min="1"
      step="1"
      type="number"
      value=""
    />
    <input
      class="flex items-center justify-center text-center select-none bg-gray-200"
      data-testid="cell"
      id="cell-10"
      max="9"
      min="1"
      readonly=""
      step="1"
      type="number"
      value="4"
    />
    <input
      class="flex items-center justify-center text-center text-blue-400 bg-gray-200"
      data-testid="cell"
      id="cell-11"
      max="9"
      min="1"
      step="1"
      type="number"
      value=""
    />
    <input
      class="flex items-center justify-center text-center select-none bg-gray-200"
      data-testid="cell"
      id="cell-12"
      max="9"
      min="1"
      readonly=""
      step="1"
      type="number"
      value="3"
    />
    <input
      class="flex items-center justify-center text-center select-none bg-gray-200"
      data-testid="cell"
      id="cell-13"
      max="9"
      min="1"
      readonly=""
      step="1"
      type="number"
      value="1"
    />
    <input
      class="flex items-center justify-center text-center select-none bg-gray-200"
      data-testid="cell"
      id="cell-14"
      max="9"
      min="1"
      readonly=""
      step="1"
      type="number"
      value="8"
    />
    <input
      class="flex items-center justify-center text-center text-blue-400 bg-gray-200"
      data-testid="cell"
      id="cell-15"
      max="9"
      min="1"
      step="1"
      type="number"
      value=""
    />
    <input
      class="flex items-center justify-center text-center text-blue-400 bg-gray-200"
      data-testid="cell"
      id="cell-16"
      max="9"
      min="1"
      step="1"
      type="number"
      value=""
    />
    <input
      class="flex items-center justify-center text-center select-none bg-gray-200"
      data-testid="cell"
      id="cell-17"
      max="9"
      min="1"
      readonly=""
      step="1"
      type="number"
      value="2"
    />
    <input
      class="flex items-center justify-center text-center select-none bg-gray-200"
      data-testid="cell"
      id="cell-18"
      max="9"
      min="1"
      readonly=""
      step="1"
      type="number"
      value="9"
    />
    <input
      class="flex items-center justify-center text-center select-none bg-gray-200"
      data-testid="cell"
      id="cell-19"
      max="9"
      min="1"
      readonly=""
      step="1"
      type="number"
      value="2"
    />
    <input
      class="flex items-center justify-center text-center select-none bg-gray-200"
      data-testid="cell"
      id="cell-20"
      max="9"
      min="1"
      readonly=""
      step="1"
      type="number"
      value="1"
    />
    <input
      class="flex items-center justify-center text-center select-none bg-gray-200"
      data-testid="cell"
      id="cell-21"
      max="9"
      min="1"
      readonly=""
      step="1"
      type="number"
      value="5"
    />
    <input
      class="flex items-center justify-center text-center select-none bg-gray-200"
      data-testid="cell"
      id="cell-22"
      max="9"
      min="1"
      readonly=""
      step="1"
      type="number"
      value="7"
    />
    <input
      class="flex items-center justify-center text-center select-none bg-gray-200"
      data-testid="cell"
      id="cell-23"
      max="9"
      min="1"
      readonly=""
      step="1"
      type="number"
      value="4"
    />
    <input
      class="flex items-center justify-center text-center select-none bg-gray-200"
      data-testid="cell"
      id="cell-24"
      max="9"
      min="1"
      readonly=""
      step="1"
      type="number"
      value="3"
    />
    <input
      class="flex items-center justify-center text-center select-none bg-gray-200"
      data-testid="cell"
      id="cell-25"
      max="9"
      min="1"
      readonly=""
      step="1"
      type="number"
      value="6"
    />
    <input
      class="flex items-center justify-center text-center select-none bg-gray-200"
      data-testid="cell"
      id="cell-26"
      max="9"
      min="1"
      readonly=""
      step="1"
      type="number"
      value="8"
    />
    <input
      class="flex items-center justify-center text-center text-blue-400 bg-gray-200"
      data-testid="cell"
      id="cell-27"
      max="9"
      min="1"
      step="1"
      type="number"
      value=""
    />
    <input
      class="flex items-center justify-center text-center select-none bg-gray-200"
      data-testid="cell"
      id="cell-28"
      max="9"
      min="1"
      readonly=""
      step="1"
      type="number"
      value="5"
    />
    <input
      class="flex items-center justify-center text-center select-none bg-gray-200"
      data-testid="cell"
      id="cell-29"
      max="9"
      min="1"
      readonly=""
      step="1"
      type="number"
      value="4"
    />
    <input
      class="flex items-center justify-center text-center select-none bg-gray-200"
      data-testid="cell"
      id="cell-30"
      max="9"
      min="1"
      readonly=""
      step="1"
      type="number"
      value="1"
    />
    <input
      class="flex items-center justify-center text-center select-none bg-gray-200"
      data-testid="cell"
      id="cell-31"
      max="9"
      min="1"
      readonly=""
      step="1"
      type="number"
      value="8"
    />
    <input
      class="flex items-center justify-center text-center select-none bg-gray-200"
      data-testid="cell"
      id="cell-32"
      max="9"
      min="1"
      readonly=""
      step="1"
      type="number"
      value="6"
    />
    <input
      class="flex items-center justify-center text-center select-none bg-gray-200"
      data-testid="cell"
      id="cell-33"
      max="9"
      min="1"
      readonly=""
      step="1"
      type="number"
      value="2"
    />
    <input
      class="flex items-center justify-center text-center select-none bg-gray-200"
      data-testid="cell"
      id="cell-34"
      max="9"
      min="1"
      readonly=""
      step="1"
      type="number"
      value="3"
    />
    <input
      class="flex items-center justify-center text-center select-none bg-gray-200"
      data-testid="cell"
      id="cell-35"
      max="9"
      min="1"
      readonly=""
      step="1"
      type="number"
      value="9"
    />
    <input
      class="flex items-center justify-center text-center select-none bg-gray-200"
      data-testid="cell"
      id="cell-36"
      max="9"
      min="1"
      readonly=""
      step="1"
      type="number"
      value="1"
    />
    <input
      class="flex items-center justify-center text-center select-none bg-gray-200"
      data-testid="cell"
      id="cell-37"
      max="9"
      min="1"
      readonly=""
      step="1"
      type="number"
      value="6"
    />
    <input
      class="flex items-center justify-center text-center select-none bg-gray-200"
      data-testid="cell"
      id="cell-38"
      max="9"
      min="1"
      readonly=""
      step="1"
      type="number"
      value="3"
    />
    <input
      class="flex items-center justify-center text-center text-blue-400 bg-gray-200"
      data-testid="cell"
      id="cell-39"
      max="9"
      min="1"
      step="1"
      type="number"
      value=""
    />
    <input
      class="flex items-center justify-center text-center text-blue-400 bg-gray-200"
      data-testid="cell"
      id="cell-40"
      max="9"
      min="1"
      step="1"
      type="number"
      value=""
    />
    <input
      class="flex items-center justify-center text-center text-blue-400 bg-gray-200"
      data-testid="cell"
      id="cell-41"
      max="9"
      min="1"
      step="1"
      type="number"
      value=""
    />
    <input
      class="flex items-center justify-center text-center select-none bg-gray-200"
      data-testid="cell"
      id="cell-42"
      max="9"
      min="1"
      readonly=""
      step="1"
      type="number"
      value="8"
    />
    <input
      class="flex items-center justify-center text-center text-blue-400 bg-gray-200"
      data-testid="cell"
      id="cell-43"
      max="9"
      min="1"
      step="1"
      type="number"
      value=""
    />
    <input
      class="flex items-center justify-center text-center select-none bg-gray-200"
      data-testid="cell"
      id="cell-44"
      max="9"
      min="1"
      readonly=""
      step="1"
      type="number"
      value="7"
    />
    <input
      class="flex items-center justify-center text-center select-none bg-gray-200"
      data-testid="cell"
      id="cell-45"
      max="9"
      min="1"
      readonly=""
      step="1"
      type="number"
      value="2"
    />
    <input
      class="flex items-center justify-center text-center select-none bg-gray-200"
      data-testid="cell"
      id="cell-46"
      max="9"
      min="1"
      readonly=""
      step="1"
      type="number"
      value="8"
    />
    <input
      class="flex items-center justify-center text-center select-none bg-gray-200"
      data-testid="cell"
      id="cell-47"
      max="9"
      min="1"
      readonly=""
      step="1"
      type="number"
      value="9"
    />
    <input
      class="flex items-center justify-center text-center text-blue-400 bg-gray-200"
      data-testid="cell"
      id="cell-48"
      max="9"
      min="1"
      step="1"
      type="number"
      value=""
    />
    <input
      class="flex items-center justify-center text-center select-none bg-gray-200"
      data-testid="cell"
      id="cell-49"
      max="9"
      min="1"
      readonly=""
      step="1"
      type="number"
      value="5"
    />
    <input
      class="flex items-center justify-center text-center select-none bg-gray-200"
      data-testid="cell"
      id="cell-50"
      max="9"
      min="1"
      readonly=""
      step="1"
      type="number"
      value="3"
    />
    <input
      class="flex items-center justify-center text-center select-none bg-gray-200"
      data-testid="cell"
      id="cell-51"
      max="9"
      min="1"
      readonly=""
      step="1"
      type="number"
      value="4"
    />
    <input
      class="flex items-center justify-center text-center select-none bg-gray-200"
      data-testid="cell"
      id="cell-52"
      max="9"
      min="1"
      readonly=""
      step="1"
      type="number"
      value="1"
    />
    <input
      class="flex items-center justify-center text-center select-none bg-gray-200"
      data-testid="cell"
      id="cell-53"
      max="9"
      min="1"
      readonly=""
      step="1"
      type="number"
      value="6"
    />
    <input
      class="flex items-center justify-center text-center text-blue-400 bg-gray-200"
      data-testid="cell"
      id="cell-54"
      max="9"
      min="1"
      step="1"
      type="number"
      value=""
    />
    <input
      class="flex items-center justify-center text-center text-blue-400 bg-gray-200"
      data-testid="cell"
      id="cell-55"
      max="9"
      min="1"
      step="1"
      type="number"
      value=""
    />
    <input
      class="flex items-center justify-center text-center select-none bg-gray-200"
      data-testid="cell"
      id="cell-56"
      max="9"
      min="1"
      readonly=""
      step="1"
      type="number"
      value="2"
    />
    <input
      class="flex items-center justify-center text-center select-none bg-gray-200"
      data-testid="cell"
      id="cell-57"
      max="9"
      min="1"
      readonly=""
      step="1"
      type="number"
      value="8"
    />
    <input
      class="flex items-center justify-center text-center text-blue-400 bg-gray-200"
      data-testid="cell"
      id="cell-58"
      max="9"
      min="1"
      step="1"
      type="number"
      value=""
    />
    <input
      class="flex items-center justify-center text-center select-none bg-gray-200"
      data-testid="cell"
      id="cell-59"
      max="9"
      min="1"
      readonly=""
      step="1"
      type="number"
      value="5"
    />
    <input
      class="flex items-center justify-center text-center select-none bg-gray-200"
      data-testid="cell"
      id="cell-60"
      max="9"
      min="1"
      readonly=""
      step="1"
      type="number"
      value="6"
    />
    <input
      class="flex items-center justify-center text-center text-blue-400 bg-gray-200"
      data-testid="cell"
      id="cell-61"
      max="9"
      min="1"
      step="1"
      type="number"
      value=""
    />
    <input
      class="flex items-center justify-center text-center select-none bg-gray-200"
      data-testid="cell"
      id="cell-62"
      max="9"
      min="1"
      readonly=""
      step="1"
      type="number"
      value="1"
    />
    <input
      class="flex items-center justify-center text-center text-blue-400 bg-gray-200"
      data-testid="cell"
      id="cell-63"
      max="9"
      min="1"
      step="1"
      type="number"
      value=""
    />
    <input
      class="flex items-center justify-center text-center text-blue-400 bg-gray-200"
      data-testid="cell"
      id="cell-64"
      max="9"
      min="1"
      step="1"
      type="number"
      value=""
    />
    <input
      class="flex items-center justify-center text-center text-blue-400 bg-gray-200"
      data-testid="cell"
      id="cell-65"
      max="9"
      min="1"
      step="1"
      type="number"
      value=""
    />
    <input
      class="flex items-center justify-center text-center select-none bg-gray-200"
      data-testid="cell"
      id="cell-66"
      max="9"
      min="1"
      readonly=""
      step="1"
      type="number"
      value="2"
    />
    <input
      class="flex items-center justify-center text-center select-none bg-gray-200"
      data-testid="cell"
      id="cell-67"
      max="9"
      min="1"
      readonly=""
      step="1"
      type="number"
      value="4"
    />
    <input
      class="flex items-center justify-center text-center select-none bg-gray-200"
      data-testid="cell"
      id="cell-68"
      max="9"
      min="1"
      readonly=""
      step="1"
      type="number"
      value="1"
    />
    <input
      class="flex items-center justify-center text-center text-blue-400 bg-gray-200"
      data-testid="cell"
      id="cell-69"
      max="9"
      min="1"
      step="1"
      type="number"
      value=""
    />
    <input
      class="flex items-center justify-center text-center text-blue-400 bg-gray-200"
      data-testid="cell"
      id="cell-70"
      max="9"
      min="1"
      step="1"
      type="number"
      value=""
    />
    <input
      class="flex items-center justify-center text-center select-none bg-gray-200"
      data-testid="cell"
      id="cell-71"
      max="9"
      min="1"
      readonly=""
      step="1"
      type="number"
      value="3"
    />
    <input
      class="flex items-center justify-center text-center select-none bg-gray-200"
      data-testid="cell"
      id="cell-72"
      max="9"
      min="1"
      readonly=""
      step="1"
      type="number"
      value="3"
    />
    <input
      class="flex items-center justify-center text-center select-none bg-gray-200"
      data-testid="cell"
      id="cell-73"
      max="9"
      min="1"
      readonly=""
      step="1"
      type="number"
      value="1"
    />
    <input
      class="flex items-center justify-center text-center select-none bg-gray-200"
      data-testid="cell"
      id="cell-74"
      max="9"
      min="1"
      readonly=""
      step="1"
      type="number"
      value="8"
    />
    <input
      class="flex items-center justify-center text-center select-none bg-gray-200"
      data-testid="cell"
      id="cell-75"
      max="9"
      min="1"
      readonly=""
      step="1"
      type="number"
      value="9"
    />
    <input
      class="flex items-center justify-center text-center select-none bg-gray-200"
      data-testid="cell"
      id="cell-76"
      max="9"
      min="1"
      readonly=""
      step="1"
      type="number"
      value="6"
    />
    <input
      class="flex items-center justify-center text-center select-none bg-gray-200"
      data-testid="cell"
      id="cell-77"
      max="9"
      min="1"
      readonly=""
      step="1"
      type="number"
      value="7"
    />
    <input
      class="flex items-center justify-center text-center select-none bg-gray-200"
      data-testid="cell"
      id="cell-78"
      max="9"
      min="1"
      readonly=""
      step="1"
      type="number"
      value="5"
    />
    <input
      class="flex items-center justify-center text-center select-none bg-gray-200"
      data-testid="cell"
      id="cell-79"
      max="9"
      min="1"
      readonly=""
      step="1"
      type="number"
      value="2"
    />
    <input
      class="flex items-center justify-center text-center select-none bg-gray-200"
      data-testid="cell"
      id="cell-80"
      max="9"
      min="1"
      readonly=""
      step="1"
      type="number"
      value="4"
    />
  </div>
</div>
`;

exports[`Grid renders correctly when showConflict is true 1`] = `
<div>
  <div
    class="grid grid-cols-9 grid-rows-9 gap-1 h-full w-full"
  >
    <input
      class="flex items-center justify-center text-center select-none bg-red-100"
      data-testid="cell"
      id="cell-0"
      max="9"
      min="1"
      readonly=""
      step="1"
      type="number"
      value="8"
    />
    <input
      class="flex items-center justify-center text-center select-none bg-red-100"
      data-testid="cell"
      id="cell-1"
      max="9"
      min="1"
      readonly=""
      step="1"
      type="number"
      value="3"
    />
    <input
      class="flex items-center justify-center text-center select-none bg-red-100"
      data-testid="cell"
      id="cell-2"
      max="9"
      min="1"
      readonly=""
      step="1"
      type="number"
      value="7"
    />
    <input
      class="flex items-center justify-center text-center select-none bg-red-100"
      data-testid="cell"
      id="cell-3"
      max="9"
      min="1"
      readonly=""
      step="1"
      type="number"
      value="6"
    />
    <input
      class="flex items-center justify-center text-center select-none bg-red-100"
      data-testid="cell"
      id="cell-4"
      max="9"
      min="1"
      readonly=""
      step="1"
      type="number"
      value="2"
    />
    <input
      class="flex items-center justify-center text-center select-none bg-red-100"
      data-testid="cell"
      id="cell-5"
      max="9"
      min="1"
      readonly=""
      step="1"
      type="number"
      value="9"
    />
    <input
      class="flex items-center justify-center text-center select-none bg-red-100"
      data-testid="cell"
      id="cell-6"
      max="9"
      min="1"
      readonly=""
      step="1"
      type="number"
      value="1"
    />
    <input
      class="flex items-center justify-center text-center select-none bg-red-100"
      data-testid="cell"
      id="cell-7"
      max="9"
      min="1"
      readonly=""
      step="1"
      type="number"
      value="4"
    />
    <input
      class="flex items-center justify-center text-center select-none bg-red-100"
      data-testid="cell"
      id="cell-8"
      max="9"
      min="1"
      readonly=""
      step="1"
      type="number"
      value="5"
    />
    <input
      class="flex items-center justify-center text-center text-blue-400 bg-gray-200"
      data-testid="cell"
      id="cell-9"
      max="9"
      min="1"
      step="1"
      type="number"
      value=""
    />
    <input
      class="flex items-center justify-center text-center select-none bg-gray-200"
      data-testid="cell"
      id="cell-10"
      max="9"
      min="1"
      readonly=""
      step="1"
      type="number"
      value="4"
    />
    <input
      class="flex items-center justify-center text-center text-blue-400 bg-gray-200"
      data-testid="cell"
      id="cell-11"
      max="9"
      min="1"
      step="1"
      type="number"
      value=""
    />
    <input
      class="flex items-center justify-center text-center select-none bg-gray-200"
      data-testid="cell"
      id="cell-12"
      max="9"
      min="1"
      readonly=""
      step="1"
      type="number"
      value="3"
    />
    <input
      class="flex items-center justify-center text-center select-none bg-gray-200"
      data-testid="cell"
      id="cell-13"
      max="9"
      min="1"
      readonly=""
      step="1"
      type="number"
      value="1"
    />
    <input
      class="flex items-center justify-center text-center select-none bg-gray-200"
      data-testid="cell"
      id="cell-14"
      max="9"
      min="1"
      readonly=""
      step="1"
      type="number"
      value="8"
    />
    <input
      class="flex items-center justify-center text-center text-blue-400 bg-gray-200"
      data-testid="cell"
      id="cell-15"
      max="9"
      min="1"
      step="1"
      type="number"
      value=""
    />
    <input
      class="flex items-center justify-center text-center text-blue-400 bg-gray-200"
      data-testid="cell"
      id="cell-16"
      max="9"
      min="1"
      step="1"
      type="number"
      value=""
    />
    <input
      class="flex items-center justify-center text-center select-none bg-gray-200"
      data-testid="cell"
      id="cell-17"
      max="9"
      min="1"
      readonly=""
      step="1"
      type="number"
      value="2"
    />
    <input
      class="flex items-center justify-center text-center select-none bg-gray-200"
      data-testid="cell"
      id="cell-18"
      max="9"
      min="1"
      readonly=""
      step="1"
      type="number"
      value="9"
    />
    <input
      class="flex items-center justify-center text-center select-none bg-gray-200"
      data-testid="cell"
      id="cell-19"
      max="9"
      min="1"
      readonly=""
      step="1"
      type="number"
      value="2"
    />
    <input
      class="flex items-center justify-center text-center select-none bg-gray-200"
      data-testid="cell"
      id="cell-20"
      max="9"
      min="1"
      readonly=""
      step="1"
      type="number"
      value="1"
    />
    <input
      class="flex items-center justify-center text-center select-none bg-gray-200"
      data-testid="cell"
      id="cell-21"
      max="9"
      min="1"
      readonly=""
      step="1"
      type="number"
      value="5"
    />
    <input
      class="flex items-center justify-center text-center select-none bg-gray-200"
      data-testid="cell"
      id="cell-22"
      max="9"
      min="1"
      readonly=""
      step="1"
      type="number"
      value="7"
    />
    <input
      class="flex items-center justify-center text-center select-none bg-gray-200"
      data-testid="cell"
      id="cell-23"
      max="9"
      min="1"
      readonly=""
      step="1"
      type="number"
      value="4"
    />
    <input
      class="flex items-center justify-center text-center select-none bg-gray-200"
      data-testid="cell"
      id="cell-24"
      max="9"
      min="1"
      readonly=""
      step="1"
      type="number"
      value="3"
    />
    <input
      class="flex items-center justify-center text-center select-none bg-gray-200"
      data-testid="cell"
      id="cell-25"
      max="9"
      min="1"
      readonly=""
      step="1"
      type="number"
      value="6"
    />
    <input
      class="flex items-center justify-center text-center select-none bg-gray-200"
      data-testid="cell"
      id="cell-26"
      max="9"
      min="1"
      readonly=""
      step="1"
      type="number"
      value="8"
    />
    <input
      class="flex items-center justify-center text-center text-blue-400 bg-gray-200"
      data-testid="cell"
      id="cell-27"
      max="9"
      min="1"
      step="1"
      type="number"
      value=""
    />
    <input
      class="flex items-center justify-center text-center select-none bg-gray-200"
      data-testid="cell"
      id="cell-28"
      max="9"
      min="1"
      readonly=""
      step="1"
      type="number"
      value="5"
    />
    <input
      class="flex items-center justify-center text-center select-none bg-gray-200"
      data-testid="cell"
      id="cell-29"
      max="9"
      min="1"
      readonly=""
      step="1"
      type="number"
      value="4"
    />
    <input
      class="flex items-center justify-center text-center select-none bg-gray-200"
      data-testid="cell"
      id="cell-30"
      max="9"
      min="1"
      readonly=""
      step="1"
      type="number"
      value="1"
    />
    <input
      class="flex items-center justify-center text-center select-none bg-gray-200"
      data-testid="cell"
      id="cell-31"
      max="9"
      min="1"
      readonly=""
      step="1"
      type="number"
      value="8"
    />
    <input
      class="flex items-center justify-center text-center select-none bg-gray-200"
      data-testid="cell"
      id="cell-32"
      max="9"
      min="1"
      readonly=""
      step="1"
      type="number"
      value="6"
    />
    <input
      class="flex items-center justify-center text-center select-none bg-gray-200"
      data-testid="cell"
      id="cell-33"
      max="9"
      min="1"
      readonly=""
      step="1"
      type="number"
      value="2"
    />
    <input
      class="flex items-center justify-center text-center select-none bg-gray-200"
      data-testid="cell"
      id="cell-34"
      max="9"
      min="1"
      readonly=""
      step="1"
      type="number"
      value="3"
    />
    <input
      class="flex items-center justify-center text-center select-none bg-gray-200"
      data-testid="cell"
      id="cell-35"
      max="9"
      min="1"
      readonly=""
      step="1"
      type="number"
      value="9"
    />
    <input
      class="flex items-center justify-center text-center select-none bg-gray-200"
      data-testid="cell"
      id="cell-36"
      max="9"
      min="1"
      readonly=""
      step="1"
      type="number"
      value="1"
    />
    <input
      class="flex items-center justify-center text-center select-none bg-gray-200"
      data-testid="cell"
      id="cell-37"
      max="9"
      min="1"
      readonly=""
      step="1"
      type="number"
      value="6"
    />
    <input
      class="flex items-center justify-center text-center select-none bg-gray-200"
      data-testid="cell"
      id="cell-38"
      max="9"
      min="1"
      readonly=""
      step="1"
      type="number"
      value="3"
    />
    <input
      class="flex items-center justify-center text-center text-blue-400 bg-gray-200"
      data-testid="cell"
      id="cell-39"
      max="9"
      min="1"
      step="1"
      type="number"
      value=""
    />
    <input
      class="flex items-center justify-center text-center text-blue-400 bg-gray-200"
      data-testid="cell"
      id="cell-40"
      max="9"
      min="1"
      step="1"
      type="number"
      value=""
    />
    <input
      class="flex items-center justify-center text-center text-blue-400 bg-gray-200"
      data-testid="cell"
      id="cell-41"
      max="9"
      min="1"
      step="1"
      type="number"
      value=""
    />
    <input
      class="flex items-center justify-center text-center select-none bg-gray-200"
      data-testid="cell"
      id="cell-42"
      max="9"
      min="1"
      readonly=""
      step="1"
      type="number"
      value="8"
    />
    <input
      class="flex items-center justify-center text-center text-blue-400 bg-gray-200"
      data-testid="cell"
      id="cell-43"
      max="9"
      min="1"
      step="1"
      type="number"
      value=""
    />
    <input
      class="flex items-center justify-center text-center select-none bg-gray-200"
      data-testid="cell"
      id="cell-44"
      max="9"
      min="1"
      readonly=""
      step="1"
      type="number"
      value="7"
    />
    <input
      class="flex items-center justify-center text-center select-none bg-gray-200"
      data-testid="cell"
      id="cell-45"
      max="9"
      min="1"
      readonly=""
      step="1"
      type="number"
      value="2"
    />
    <input
      class="flex items-center justify-center text-center select-none bg-gray-200"
      data-testid="cell"
      id="cell-46"
      max="9"
      min="1"
      readonly=""
      step="1"
      type="number"
      value="8"
    />
    <input
      class="flex items-center justify-center text-center select-none bg-gray-200"
      data-testid="cell"
      id="cell-47"
      max="9"
      min="1"
      readonly=""
      step="1"
      type="number"
      value="9"
    />
    <input
      class="flex items-center justify-center text-center text-blue-400 bg-gray-200"
      data-testid="cell"
      id="cell-48"
      max="9"
      min="1"
      step="1"
      type="number"
      value=""
    />
    <input
      class="flex items-center justify-center text-center select-none bg-gray-200"
      data-testid="cell"
      id="cell-49"
      max="9"
      min="1"
      readonly=""
      step="1"
      type="number"
      value="5"
    />
    <input
      class="flex items-center justify-center text-center select-none bg-gray-200"
      data-testid="cell"
      id="cell-50"
      max="9"
      min="1"
      readonly=""
      step="1"
      type="number"
      value="3"
    />
    <input
      class="flex items-center justify-center text-center select-none bg-gray-200"
      data-testid="cell"
      id="cell-51"
      max="9"
      min="1"
      readonly=""
      step="1"
      type="number"
      value="4"
    />
    <input
      class="flex items-center justify-center text-center select-none bg-gray-200"
      data-testid="cell"
      id="cell-52"
      max="9"
      min="1"
      readonly=""
      step="1"
      type="number"
      value="1"
    />
    <input
      class="flex items-center justify-center text-center select-none bg-gray-200"
      data-testid="cell"
      id="cell-53"
      max="9"
      min="1"
      readonly=""
      step="1"
      type="number"
      value="6"
    />
    <input
      class="flex items-center justify-center text-center text-blue-400 bg-gray-200"
      data-testid="cell"
      id="cell-54"
      max="9"
      min="1"
      step="1"
      type="number"
      value=""
    />
    <input
      class="flex items-center justify-center text-center text-blue-400 bg-gray-200"
      data-testid="cell"
      id="cell-55"
      max="9"
      min="1"
      step="1"
      type="number"
      value=""
    />
    <input
      class="flex items-center justify-center text-center select-none bg-gray-200"
      data-testid="cell"
      id="cell-56"
      max="9"
      min="1"
      readonly=""
      step="1"
      type="number"
      value="2"
    />
    <input
      class="flex items-center justify-center text-center select-none bg-gray-200"
      data-testid="cell"
      id="cell-57"
      max="9"
      min="1"
      readonly=""
      step="1"
      type="number"
      value="8"
    />
    <input
      class="flex items-center justify-center text-center text-blue-400 bg-gray-200"
      data-testid="cell"
      id="cell-58"
      max="9"
      min="1"
      step="1"
      type="number"
      value=""
    />
    <input
      class="flex items-center justify-center text-center select-none bg-gray-200"
      data-testid="cell"
      id="cell-59"
      max="9"
      min="1"
      readonly=""
      step="1"
      type="number"
      value="5"
    />
    <input
      class="flex items-center justify-center text-center select-none bg-gray-200"
      data-testid="cell"
      id="cell-60"
      max="9"
      min="1"
      readonly=""
      step="1"
      type="number"
      value="6"
    />
    <input
      class="flex items-center justify-center text-center text-blue-400 bg-gray-200"
      data-testid="cell"
      id="cell-61"
      max="9"
      min="1"
      step="1"
      type="number"
      value=""
    />
    <input
      class="flex items-center justify-center text-center select-none bg-gray-200"
      data-testid="cell"
      id="cell-62"
      max="9"
      min="1"
      readonly=""
      step="1"
      type="number"
      value="1"
    />
    <input
      class="flex items-center justify-center text-center text-blue-400 bg-gray-200"
      data-testid="cell"
      id="cell-63"
      max="9"
      min="1"
      step="1"
      type="number"
      value=""
    />
    <input
      class="flex items-center justify-center text-center text-blue-400 bg-gray-200"
      data-testid="cell"
      id="cell-64"
      max="9"
      min="1"
      step="1"
      type="number"
      value=""
    />
    <input
      class="flex items-center justify-center text-center text-blue-400 bg-gray-200"
      data-testid="cell"
      id="cell-65"
      max="9"
      min="1"
      step="1"
      type="number"
      value=""
    />
    <input
      class="flex items-center justify-center text-center select-none bg-gray-200"
      data-testid="cell"
      id="cell-66"
      max="9"
      min="1"
      readonly=""
      step="1"
      type="number"
      value="2"
    />
    <input
      class="flex items-center justify-center text-center select-none bg-gray-200"
      data-testid="cell"
      id="cell-67"
      max="9"
      min="1"
      readonly=""
      step="1"
      type="number"
      value="4"
    />
    <input
      class="flex items-center justify-center text-center select-none bg-gray-200"
      data-testid="cell"
      id="cell-68"
      max="9"
      min="1"
      readonly=""
      step="1"
      type="number"
      value="1"
    />
    <input
      class="flex items-center justify-center text-center text-blue-400 bg-gray-200"
      data-testid="cell"
      id="cell-69"
      max="9"
      min="1"
      step="1"
      type="number"
      value=""
    />
    <input
      class="flex items-center justify-center text-center text-blue-400 bg-gray-200"
      data-testid="cell"
      id="cell-70"
      max="9"
      min="1"
      step="1"
      type="number"
      value=""
    />
    <input
      class="flex items-center justify-center text-center select-none bg-gray-200"
      data-testid="cell"
      id="cell-71"
      max="9"
      min="1"
      readonly=""
      step="1"
      type="number"
      value="3"
    />
    <input
      class="flex items-center justify-center text-center select-none bg-gray-200"
      data-testid="cell"
      id="cell-72"
      max="9"
      min="1"
      readonly=""
      step="1"
      type="number"
      value="3"
    />
    <input
      class="flex items-center justify-center text-center select-none bg-gray-200"
      data-testid="cell"
      id="cell-73"
      max="9"
      min="1"
      readonly=""
      step="1"
      type="number"
      value="1"
    />
    <input
      class="flex items-center justify-center text-center select-none bg-gray-200"
      data-testid="cell"
      id="cell-74"
      max="9"
      min="1"
      readonly=""
      step="1"
      type="number"
      value="8"
    />
    <input
      class="flex items-center justify-center text-center select-none bg-gray-200"
      data-testid="cell"
      id="cell-75"
      max="9"
      min="1"
      readonly=""
      step="1"
      type="number"
      value="9"
    />
    <input
      class="flex items-center justify-center text-center select-none bg-gray-200"
      data-testid="cell"
      id="cell-76"
      max="9"
      min="1"
      readonly=""
      step="1"
      type="number"
      value="6"
    />
    <input
      class="flex items-center justify-center text-center select-none bg-gray-200"
      data-testid="cell"
      id="cell-77"
      max="9"
      min="1"
      readonly=""
      step="1"
      type="number"
      value="7"
    />
    <input
      class="flex items-center justify-center text-center select-none bg-gray-200"
      data-testid="cell"
      id="cell-78"
      max="9"
      min="1"
      readonly=""
      step="1"
      type="number"
      value="5"
    />
    <input
      class="flex items-center justify-center text-center select-none bg-gray-200"
      data-testid="cell"
      id="cell-79"
      max="9"
      min="1"
      readonly=""
      step="1"
      type="number"
      value="2"
    />
    <input
      class="flex items-center justify-center text-center select-none bg-gray-200"
      data-testid="cell"
      id="cell-80"
      max="9"
      min="1"
      readonly=""
      step="1"
      type="number"
      value="4"
    />
  </div>
</div>
`;
